=== Testing All AI Agents ===
Using Group ID: 966b7602-8e8a-450c-b029-301d3d59e0fe
Available Papers in Group: 0d35140a-c492-540f-a996-6c78651fbdac


--- Testing Agent: Paper Retrieval ---
node : Γ¥î Failed with status 500: 
{"error":"Internal server 
error","code":"INTERNAL_ERROR"}
At line:1 char:1
+ node test_all_agents.js > 
test_output.txt 2>&1
+ ~~~~~~~~~~~~~~~~~~~~~~~~~~~~~~~~~~~
~~~~~~~~~~~
    + CategoryInfo          : NotSpe 
   cified: (Γ¥î Failed with...NTERN  
  AL_ERROR"}:String) [], RemoteExc   
 eption
    + FullyQualifiedErrorId : Native 
   CommandError
 
Waiting 35 seconds to respect Groq rate limits...


--- Testing Agent: Literature Survey ---
Γ£à Success in 34410ms!
Artifacts generated: 0
Waiting 35 seconds to respect Groq rate limits...


--- Testing Agent: Gap Analysis ---
Γ£à Success in 7290ms!
Artifacts generated: 0
Waiting 35 seconds to respect Groq rate limits...


--- Testing Agent: Fact Check ---
Γ£à Success in 78763ms!
Artifacts generated: 0
Waiting 35 seconds to respect Groq rate limits...


--- Testing Agent: Novelty Assessment ---
Γ£à Success in 21563ms!
Artifacts generated: 0
Waiting 35 seconds to respect Groq rate limits...


--- Testing Agent: Research Mentor ---
Γ£à Success in 37202ms!
Artifacts generated: 0
Waiting 35 seconds to respect Groq rate limits...


--- Testing Agent: Paper Writing ---
Γ£à Success in 53547ms!
Artifacts generated: 0
Waiting 35 seconds to respect Groq rate limits...


--- Testing Agent: Research Planning ---
Waiting 35 seconds to respect Groq rate limits...
Γ¥î Failed with status 500: 
{"error":"Internal server 
error","code":"INTERNAL_ERROR"}


--- Testing Agent: Deep Research ---
Γ£à Success in 14753ms!
Artifacts generated: 0
Waiting 35 seconds to respect Groq rate limits...


=== Final Report ===
ΓöîΓöÇΓöÇΓöÇΓöÇΓöÇΓöÇΓöÇΓöÇΓöÇΓöÇΓöÇΓöÇΓöÇΓöÇΓöÇΓöÇΓöÇΓöÇΓöÇΓöÇΓö¼ΓöÇΓöÇΓöÇΓöÇΓöÇΓöÇΓöÇΓöÇΓöÇΓöÇΓöÇΓöÉ
Γöé (index)            Γöé Values    Γöé
Γö£ΓöÇΓöÇΓöÇΓöÇΓöÇΓöÇΓöÇΓöÇΓöÇΓöÇΓöÇΓöÇΓöÇΓöÇΓöÇΓöÇΓöÇΓöÇΓöÇΓöÇΓö╝ΓöÇΓöÇΓöÇΓöÇΓöÇΓöÇΓöÇΓöÇΓöÇΓöÇΓöÇΓöñ
Γöé paper_retrieval    Γöé 'FAILED'  Γöé
Γöé literature_survey  Γöé 'SUCCESS' Γöé
Γöé gap_analysis       Γöé 'SUCCESS' Γöé
Γöé fact_check         Γöé 'SUCCESS' Γöé
Γöé novelty_assessment Γöé 'SUCCESS' Γöé
Γöé research_mentor    Γöé 'SUCCESS' Γöé
Γöé paper_writing      Γöé 'SUCCESS' Γöé
Γöé research_planning  Γöé 'FAILED'  Γöé
Γöé deep_research      Γöé 'SUCCESS' Γöé
ΓööΓöÇΓöÇΓöÇΓöÇΓöÇΓöÇΓöÇΓöÇΓöÇΓöÇΓöÇΓöÇΓöÇΓöÇΓöÇΓöÇΓöÇΓöÇΓöÇΓöÇΓö┤ΓöÇΓöÇΓöÇΓöÇΓöÇΓöÇΓöÇΓöÇΓöÇΓöÇΓöÇΓöÿ
